// Jest Snapshot v1, https://goo.gl/fbAQLP

exports[`SignUp component testing SignUp component snapshot testing  1`] = `
Array [
  <section
    className="container-fluid bg-image rounded-3"
    style={
      Object {
        "backgroundImage": "url('https://mdbcdn.b-cdn.net/img/Photos/new-templates/search-box/img4.webp')",
      }
    }
  >
    <div
      className="mask py-5 d-flex align-items-center container gradient-custom-3"
    >
      <div
        className="container"
      >
        <div
          className="row d-flex justify-content-center align-items-center"
        >
          <div
            className="col-12 col-md-9 col-lg-7 col-xl-6"
          >
            <div
              className="card"
              style={
                Object {
                  "borderRadius": "15px",
                }
              }
            >
              <div
                className="card-body px-5 py-2"
              >
                <h2
                  className="text-uppercase text-center mb-5 clipImage"
                >
                  Create an account
                </h2>
                <form
                  onSubmit={[Function]}
                >
                  <div
                    className="form-outline input-group"
                  >
                    <span
                      className="btn btn-outline-secondary form-field-mandatory-icon"
                    >
                      <i
                        className="bi bi-person-fill"
                      />
                    </span>
                    <input
                      className="form-control form-control-md"
                      data-testid="name"
                      id="name"
                      name="name"
                      onBlur={[Function]}
                      onChange={[Function]}
                      placeholder="Your Name!"
                      type="text"
                      value=""
                    />
                  </div>
                  <div
                    className="form-outline input-group mt-3"
                  >
                    <span
                      className="btn btn-outline-secondary form-field-mandatory-icon"
                    >
                      <i
                        className="bi bi-envelope-at-fill"
                      />
                    </span>
                    <input
                      className="form-control form-control-md"
                      data-testid="email"
                      id="email"
                      name="email"
                      onBlur={[Function]}
                      onChange={[Function]}
                      placeholder="Your Emailid!"
                      type="email"
                      value=""
                    />
                  </div>
                  <div
                    className="form-outline input-group mt-3"
                  >
                    <span
                      className="btn btn-outline-secondary form-field-mandatory-icon"
                    >
                      <i
                        className="bi bi-shield-lock-fill"
                      />
                    </span>
                    <input
                      className="form-control form-control-md"
                      data-testid="password"
                      id="password"
                      name="password"
                      onBlur={[Function]}
                      onChange={[Function]}
                      placeholder="Strong Password!"
                      type="password"
                      value=""
                    />
                  </div>
                  <div
                    className="form-outline input-group mt-3"
                  >
                    <span
                      className="btn btn-outline-secondary form-field-mandatory-icon"
                    >
                      <i
                        className="bi bi-key-fill"
                      />
                    </span>
                    <input
                      className="form-control form-control-md"
                      data-testid="rePassword"
                      id="rePassword"
                      name="rePassword"
                      onBlur={[Function]}
                      onChange={[Function]}
                      placeholder="Repeat Your Password"
                      type="password"
                      value=""
                    />
                  </div>
                  <div
                    className="form-outline input-group mt-3"
                  >
                    <span
                      className="btn btn-outline-secondary form-field-mandatory-icon"
                    >
                      <i
                        className="bi bi-telephone-fill"
                      />
                    </span>
                    <input
                      className="form-control form-control-md"
                      data-testid="telphone"
                      id="telphone"
                      name="telphone"
                      onBlur={[Function]}
                      onChange={[Function]}
                      placeholder="Your Mobile Number"
                      type="tel"
                      value=""
                    />
                  </div>
                  <div
                    className="form-outline input-group mt-3"
                  >
                    <span
                      className="btn btn-outline-secondary form-field-mandatory-icon"
                    >
                      <i
                        className="bi bi-calendar-date-fill"
                      />
                    </span>
                    <input
                      className="form-control form-control-md"
                      data-testid="birthdayDate"
                      id="birthdayDate"
                      name="birthdayDate"
                      onBlur={[Function]}
                      onChange={[Function]}
                      placeholder="Your Date of Birth"
                      type="date"
                      value=""
                    />
                  </div>
                  <div
                    className="row form-outline input-group mt-3"
                  >
                    <span
                      className="col-md-2 form-field-mandatory-icon"
                    >
                      Gender:
                    </span>
                    <div
                      className="col-md-10"
                    >
                      <div
                        className="form-check form-check-inline"
                      >
                        <input
                          className="form-check-input"
                          data-testid="femaleGender"
                          id="femaleGender"
                          name="gender"
                          onChange={[Function]}
                          type="radio"
                          value="female"
                        />
                        <label
                          className="form-check-label"
                          htmlFor="femaleGender"
                        >
                          Female
                        </label>
                      </div>
                      <div
                        className="form-check form-check-inline"
                      >
                        <input
                          className="form-check-input"
                          data-testid="maleGender"
                          id="maleGender"
                          name="gender"
                          onChange={[Function]}
                          type="radio"
                          value="male"
                        />
                        <label
                          className="form-check-label"
                          htmlFor="maleGender"
                        >
                          Male
                        </label>
                      </div>
                      <div
                        className="form-check form-check-inline"
                      >
                        <input
                          className="form-check-input"
                          data-testid="otherGender"
                          id="otherGender"
                          name="gender"
                          onChange={[Function]}
                          type="radio"
                          value="other"
                        />
                        <label
                          className="form-check-label"
                          htmlFor="otherGender"
                        >
                          Other
                        </label>
                      </div>
                    </div>
                  </div>
                  <div
                    className="form-check d-flex justify-content-center mb-4"
                  >
                    <input
                      className="form-check-input me-2"
                      data-testid="termOfService"
                      id="form2Example3cg"
                      type="checkbox"
                      value=""
                    />
                    <label
                      className="form-check-label"
                      htmlFor="form2Example3g"
                    >
                      I agree all statements in 
                      <a
                        className="text-body"
                        href="#!"
                      >
                        <u>
                          Terms of service
                        </u>
                      </a>
                    </label>
                  </div>
                  <div
                    className="d-flex justify-content-center"
                  >
                    <input
                      className="btn btn-success form-control form-control-md btn-block btn-lg gradient-custom-4 text-body"
                      data-testid="submitbtn"
                      type="submit"
                      value="Register"
                    />
                  </div>
                  <p
                    className="text-center text-muted mt-5 mb-0"
                  >
                    Have already an account? 
                    <a
                      className="fw-bold text-body"
                      href="#!"
                    >
                      <u>
                        Login here
                      </u>
                    </a>
                  </p>
                </form>
              </div>
            </div>
          </div>
        </div>
      </div>
    </div>
  </section>,
  <footer
    className="container-fluid footer-img rounded-2"
  >
    <div
      className="text-center footer-fontsize-mobile"
    >
      © 2023 Copyright:
      <span
        className="text-reset fw-bold"
      >
         Learning App
      </span>
    </div>
  </footer>,
]
`;
